Archive member included because of file (symbol)

/Users/Rhemi25/Dropbox/Rich Stuff/School/Fall '14/Comp Op Sys/LPCXpresso Workspace/CMSISv1p30_LPC17xx/Debug/libCMSISv1p30_LPC17xx.a(system_LPC17xx.o)
                              ./cr_startup_lpc17.o (SystemInit)
/Users/Rhemi25/Dropbox/Rich Stuff/School/Fall '14/Comp Op Sys/LPCXpresso Workspace/FreeRTOS_Library/Debug/libFreeRTOS_Library.a(port.o)
                              ./cr_startup_lpc17.o (vPortSVCHandler)
/Users/Rhemi25/Dropbox/Rich Stuff/School/Fall '14/Comp Op Sys/LPCXpresso Workspace/FreeRTOS_Library/Debug/libFreeRTOS_Library.a(queue.o)
                              ./main.o (xQueueGenericCreate)
/Users/Rhemi25/Dropbox/Rich Stuff/School/Fall '14/Comp Op Sys/LPCXpresso Workspace/FreeRTOS_Library/Debug/libFreeRTOS_Library.a(tasks.o)
                              ./main.o (xTaskGenericCreate)
/Users/Rhemi25/Dropbox/Rich Stuff/School/Fall '14/Comp Op Sys/LPCXpresso Workspace/FreeRTOS_Library/Debug/libFreeRTOS_Library.a(heap_2.o)
                              /Users/Rhemi25/Dropbox/Rich Stuff/School/Fall '14/Comp Op Sys/LPCXpresso Workspace/FreeRTOS_Library/Debug/libFreeRTOS_Library.a(queue.o) (pvPortMalloc)
/Users/Rhemi25/Dropbox/Rich Stuff/School/Fall '14/Comp Op Sys/LPCXpresso Workspace/FreeRTOS_Library/Debug/libFreeRTOS_Library.a(list.o)
                              /Users/Rhemi25/Dropbox/Rich Stuff/School/Fall '14/Comp Op Sys/LPCXpresso Workspace/FreeRTOS_Library/Debug/libFreeRTOS_Library.a(queue.o) (vListInitialise)
/Applications/lpcxpresso_7.3.0_186/lpcxpresso/tools/bin/../lib/gcc/arm-none-eabi/4.8.4/../../../../arm-none-eabi/lib/armv7-m/libcr_semihost.a(_cr__main.o)
                              ./cr_startup_lpc17.o (__main)
/Applications/lpcxpresso_7.3.0_186/lpcxpresso/tools/bin/../lib/gcc/arm-none-eabi/4.8.4/../../../../arm-none-eabi/lib/armv7-m/libcr_c.a(memcpy.o)
                              /Users/Rhemi25/Dropbox/Rich Stuff/School/Fall '14/Comp Op Sys/LPCXpresso Workspace/FreeRTOS_Library/Debug/libFreeRTOS_Library.a(queue.o) (memcpy)
/Applications/lpcxpresso_7.3.0_186/lpcxpresso/tools/bin/../lib/gcc/arm-none-eabi/4.8.4/../../../../arm-none-eabi/lib/armv7-m/libcr_c.a(memset.o)
                              /Users/Rhemi25/Dropbox/Rich Stuff/School/Fall '14/Comp Op Sys/LPCXpresso Workspace/FreeRTOS_Library/Debug/libFreeRTOS_Library.a(tasks.o) (memset)
/Applications/lpcxpresso_7.3.0_186/lpcxpresso/tools/bin/../lib/gcc/arm-none-eabi/4.8.4/../../../../arm-none-eabi/lib/armv7-m/libcr_c.a(fpprintf.o)
                              ./main.o (printf)
/Applications/lpcxpresso_7.3.0_186/lpcxpresso/tools/bin/../lib/gcc/arm-none-eabi/4.8.4/../../../../arm-none-eabi/lib/armv7-m/libcr_c.a(initio.o)
                              /Applications/lpcxpresso_7.3.0_186/lpcxpresso/tools/bin/../lib/gcc/arm-none-eabi/4.8.4/../../../../arm-none-eabi/lib/armv7-m/libcr_semihost.a(_cr__main.o) (_initio)
/Applications/lpcxpresso_7.3.0_186/lpcxpresso/tools/bin/../lib/gcc/arm-none-eabi/4.8.4/../../../../arm-none-eabi/lib/armv7-m/libcr_c.a(memcmp.o)
                              /Users/Rhemi25/Dropbox/Rich Stuff/School/Fall '14/Comp Op Sys/LPCXpresso Workspace/FreeRTOS_Library/Debug/libFreeRTOS_Library.a(tasks.o) (memcmp)
/Applications/lpcxpresso_7.3.0_186/lpcxpresso/tools/bin/../lib/gcc/arm-none-eabi/4.8.4/../../../../arm-none-eabi/lib/armv7-m/libcr_c.a(printf.o)
                              /Applications/lpcxpresso_7.3.0_186/lpcxpresso/tools/bin/../lib/gcc/arm-none-eabi/4.8.4/../../../../arm-none-eabi/lib/armv7-m/libcr_c.a(fpprintf.o) (__vfprintf)
/Applications/lpcxpresso_7.3.0_186/lpcxpresso/tools/bin/../lib/gcc/arm-none-eabi/4.8.4/../../../../arm-none-eabi/lib/armv7-m/libcr_c.a(setvbuf.o)
                              /Applications/lpcxpresso_7.3.0_186/lpcxpresso/tools/bin/../lib/gcc/arm-none-eabi/4.8.4/../../../../arm-none-eabi/lib/armv7-m/libcr_c.a(initio.o) (setvbuf)
/Applications/lpcxpresso_7.3.0_186/lpcxpresso/tools/bin/../lib/gcc/arm-none-eabi/4.8.4/../../../../arm-none-eabi/lib/armv7-m/libcr_c.a(stdio.o)
                              /Applications/lpcxpresso_7.3.0_186/lpcxpresso/tools/bin/../lib/gcc/arm-none-eabi/4.8.4/../../../../arm-none-eabi/lib/armv7-m/libcr_c.a(fpprintf.o) (__Ciob)
/Applications/lpcxpresso_7.3.0_186/lpcxpresso/tools/bin/../lib/gcc/arm-none-eabi/4.8.4/../../../../arm-none-eabi/lib/armv7-m/libcr_c.a(strlen.o)
                              /Applications/lpcxpresso_7.3.0_186/lpcxpresso/tools/bin/../lib/gcc/arm-none-eabi/4.8.4/../../../../arm-none-eabi/lib/armv7-m/libcr_c.a(printf.o) (strlen)
/Applications/lpcxpresso_7.3.0_186/lpcxpresso/tools/bin/../lib/gcc/arm-none-eabi/4.8.4/../../../../arm-none-eabi/lib/armv7-m/libcr_c.a(__fillbuf.o)
                              /Applications/lpcxpresso_7.3.0_186/lpcxpresso/tools/bin/../lib/gcc/arm-none-eabi/4.8.4/../../../../arm-none-eabi/lib/armv7-m/libcr_c.a(stdio.o) (__filbuf)
[...]
Memory Configuration

Name             Origin             Length             Attributes
MFlash512        0x0000000000000000 0x0000000000080000 xr
RamLoc32         0x0000000010000000 0x0000000000008000 xrw
RamAHB32         0x000000002007c000 0x0000000000008000 xrw
*default*        0x0000000000000000 0xffffffffffffffff

Linker script and memory map

LOAD ./cr_startup_lpc17.o
LOAD ./main.o
LOAD /Users/Rhemi25/Dropbox/Rich Stuff/School/Fall '14/Comp Op Sys/LPCXpresso Workspace/CMSISv1p30_LPC17xx/Debug/libCMSISv1p30_LPC17xx.a
LOAD /Users/Rhemi25/Dropbox/Rich Stuff/School/Fall '14/Comp Op Sys/LPCXpresso Workspace/FreeRTOS_Library/Debug/libFreeRTOS_Library.a
START GROUP
LOAD /Applications/lpcxpresso_7.3.0_186/lpcxpresso/tools/bin/../lib/gcc/arm-none-eabi/4.8.4/../../../../arm-none-eabi/lib/armv7-m/libcr_semihost.a
LOAD /Applications/lpcxpresso_7.3.0_186/lpcxpresso/tools/bin/../lib/gcc/arm-none-eabi/4.8.4/../../../../arm-none-eabi/lib/armv7-m/libcr_c.a
LOAD /Applications/lpcxpresso_7.3.0_186/lpcxpresso/tools/bin/../lib/gcc/arm-none-eabi/4.8.4/armv7-m/libcr_eabihelpers.a
END GROUP
                0x0000000000080000                __top_MFlash512 = 0x80000
                0x0000000010008000                __top_RamLoc32 = 0x10008000
                0x0000000020084000                __top_RamAHB32 = 0x20084000

.text           0x0000000000000000     0x4760
 FILL mask 0xff
                0x0000000000000000                __vectors_start__ = ABSOLUTE (.)
 *(.isr_vector)
 .isr_vector    0x0000000000000000       0xcc ./cr_startup_lpc17.o
                0x0000000000000000                g_pfnVectors
                0x00000000000000cc                . = ALIGN (0x4)
                0x00000000000000cc                __section_table_start = .
                0x00000000000000cc                __data_section_table = .
                0x00000000000000cc        0x4 LONG 0x4760 LOADADDR (.data)
                0x00000000000000d0        0x4 LONG 0x10000000 ADDR (.data)
                0x00000000000000d4        0x4 LONG 0xc SIZEOF (.data)
                0x00000000000000d8        0x4 LONG 0x4760 LOADADDR (.data_RAM2)
                0x00000000000000dc        0x4 LONG 0x2007c000 ADDR (.data_RAM2)
                0x00000000000000e0        0x4 LONG 0x0 SIZEOF (.data_RAM2)
                0x00000000000000e4                __data_section_table_end = .
                0x00000000000000e4                __bss_section_table = .
                0x00000000000000e4        0x4 LONG 0x10000010 ADDR (.bss)
                0x00000000000000e8        0x4 LONG 0x2a90 SIZEOF (.bss)
                0x00000000000000ec        0x4 LONG 0x2007c000 ADDR (.bss_RAM2)
                0x00000000000000f0        0x4 LONG 0x0 SIZEOF (.bss_RAM2)
                0x00000000000000f4                __bss_section_table_end = .
                0x00000000000000f4                __section_table_end = .
 *(.after_vectors*)
 *(.text*)
 .text.NMI_Handler
                0x00000000000000f4        0x4 ./cr_startup_lpc17.o
                0x00000000000000f4                NMI_Handler
 .text.HardFault_Handler
                0x00000000000000f8        0x4 ./cr_startup_lpc17.o
                0x00000000000000f8                HardFault_Handler
 .text.MemManage_Handler
                0x00000000000000fc        0x4 ./cr_startup_lpc17.o
                0x00000000000000fc                MemManage_Handler
 .text.BusFault_Handler
                0x0000000000000100        0x4 ./cr_startup_lpc17.o
                0x0000000000000100                BusFault_Handler
 .text.UsageFault_Handler
                0x0000000000000104        0x4 ./cr_startup_lpc17.o
                0x0000000000000104                UsageFault_Handler
 .text.DebugMon_Handler
                0x0000000000000108        0x4 ./cr_startup_lpc17.o
                0x0000000000000108                DebugMon_Handler
 .text.IntDefaultHandler
                0x000000000000010c        0x4 ./cr_startup_lpc17.o
                0x000000000000010c                ENET_IRQHandler
                0x000000000000010c                RIT_IRQHandler
                0x000000000000010c                I2C0_IRQHandler
                0x000000000000010c                USBActivity_IRQHandler
                0x000000000000010c                PWM1_IRQHandler
                0x000000000000010c                I2C1_IRQHandler
                0x000000000000010c                EINT2_IRQHandler
                0x000000000000010c                UART1_IRQHandler
                0x000000000000010c                EINT3_IRQHandler
                0x000000000000010c                CANActivity_IRQHandler
                0x000000000000010c                TIMER3_IRQHandler
                0x000000000000010c                UART0_IRQHandler
                0x000000000000010c                IntDefaultHandler
                0x000000000000010c                PLL0_IRQHandler
                0x000000000000010c                CAN_IRQHandler
                0x000000000000010c                PLL1_IRQHandler
                0x000000000000010c                SSP0_IRQHandler
                0x000000000000010c                I2S_IRQHandler
                0x000000000000010c                I2C2_IRQHandler
                0x000000000000010c                RTC_IRQHandler
                0x000000000000010c                TIMER0_IRQHandler
                0x000000000000010c                SPI_IRQHandler
                0x000000000000010c                EINT1_IRQHandler
                0x000000000000010c                TIMER1_IRQHandler
                0x000000000000010c                UART2_IRQHandler
                0x000000000000010c                ADC_IRQHandler
                0x000000000000010c                SSP1_IRQHandler
                0x000000000000010c                USB_IRQHandler
                0x000000000000010c                BOD_IRQHandler
                0x000000000000010c                WDT_IRQHandler
                0x000000000000010c                QEI_IRQHandler
                0x000000000000010c                EINT0_IRQHandler
                0x000000000000010c                DMA_IRQHandler
                0x000000000000010c                UART3_IRQHandler
                0x000000000000010c                MCPWM_IRQHandler
                0x000000000000010c                TIMER2_IRQHandler
 .text.ResetISR
                0x0000000000000110       0x48 ./cr_startup_lpc17.o
                0x0000000000000110                ResetISR
 .text.prvSetupSoftwareInterrupt
                0x0000000000000158       0x14 ./main.o
 .text.vPeriodicTask
                0x000000000000016c       0x48 ./main.o
 .text.vReadADC
                0x00000000000001b4       0x58 ./main.o
 .text.vPrintCurrentFreq
                0x000000000000020c       0x64 ./main.o
 .text.vFormatTask
                0x0000000000000270      0x124 ./main.o
 .text.main     0x0000000000000394      0x15c ./main.o
                0x0000000000000394                main
 .text.vSoftwareInterruptHandler
                0x00000000000004f0       0x3c ./main.o
                0x00000000000004f0                vSoftwareInterruptHandler
 .text.vApplicationMallocFailedHook
                0x000000000000052c        0x4 ./main.o
                0x000000000000052c                vApplicationMallocFailedHook
 .text.vApplicationStackOverflowHook
                0x0000000000000530        0x4 ./main.o
                0x0000000000000530                vApplicationStackOverflowHook
 .text.vApplicationIdleHook
                0x0000000000000534        0x4 ./main.o
                0x0000000000000534                vApplicationIdleHook
 .text.vApplicationTickHook
                0x0000000000000538        0x4 ./main.o
                0x0000000000000538                vApplicationTickHook
 .text.SystemInit
                0x000000000000053c       0xec /Users/Rhemi25/Dropbox/Rich Stuff/School/Fall '14/Comp Op Sys/LPCXpresso Workspace/CMSISv1p30_LPC17xx/Debug/libCMSISv1p30_LPC17xx.a(system_LPC17xx.o)
                0x000000000000053c                SystemInit
 .text          0x0000000000000628      0x260 /Users/Rhemi25/Dropbox/Rich Stuff/School/Fall '14/Comp Op Sys/LPCXpresso Workspace/FreeRTOS_Library/Debug/libFreeRTOS_Library.a(port.o)
                0x0000000000000640                pxPortInitialiseStack
                0x0000000000000660                vPortSVCHandler
                0x0000000000000684                vPortYield
                0x000000000000069c                ulPortSetInterruptMask
                0x00000000000006c8                vPortEndScheduler
                0x00000000000006e0                vPortEnterCritical
                0x00000000000006fc                vPortClearInterruptMask
                0x0000000000000704                vPortExitCritical
                0x0000000000000728                xPortPendSVHandler
                0x000000000000076c                xPortSysTickHandler
                0x000000000000078c                vPortSetupTimerInterrupt
                0x00000000000007a4                xPortStartScheduler
                0x0000000000000840                vPortValidateInterruptPriority
 .text          0x0000000000000888      0x658 /Users/Rhemi25/Dropbox/Rich Stuff/School/Fall '14/Comp Op Sys/LPCXpresso Workspace/FreeRTOS_Library/Debug/libFreeRTOS_Library.a(queue.o)
                0x0000000000000990                xQueueGenericReset
                0x00000000000009f4                xQueueGenericCreate
                0x0000000000000a34                xQueueCreateCountingSemaphore
                0x0000000000000a64                xQueueGenericSend
                0x0000000000000b70                xQueueCreateMutex
                0x0000000000000bc0                xQueueGenericSendFromISR
                0x0000000000000c60                xQueueGenericReceive
                0x0000000000000d88                xQueueReceiveFromISR
                0x0000000000000e00                xQueuePeekFromISR
                0x0000000000000e44                uxQueueMessagesWaiting
                0x0000000000000e60                uxQueueSpacesAvailable
                0x0000000000000e80                uxQueueMessagesWaitingFromISR
                0x0000000000000e90                vQueueDelete
                0x0000000000000eac                xQueueIsQueueEmptyFromISR
                0x0000000000000ec4                xQueueIsQueueFullFromISR
 .text          0x0000000000000ee0      0xc70 /Users/Rhemi25/Dropbox/Rich Stuff/School/Fall '14/Comp Op Sys/LPCXpresso Workspace/FreeRTOS_Library/Debug/libFreeRTOS_Library.a(tasks.o)
                0x0000000000000f80                xTaskGenericCreate
                0x0000000000001134                vTaskDelete
                0x00000000000011ac                uxTaskPriorityGet
                0x00000000000011c8                vTaskPrioritySet
                0x000000000000127c                vTaskResume
                0x00000000000012e4                xTaskResumeFromISR
                0x0000000000001370                vTaskStartScheduler
                0x00000000000013bc                vTaskEndScheduler
                0x00000000000013d4                vTaskSuspendAll
                0x00000000000013e8                xTaskGetTickCount
                0x0000000000001400                xTaskGetTickCountFromISR
                0x000000000000141c                uxTaskGetNumberOfTasks
                0x0000000000001428                xTaskIncrementTick
                0x0000000000001528                xTaskResumeAll
                0x0000000000001600                vTaskDelayUntil
                0x0000000000001674                vTaskDelay
                0x0000000000001708                vTaskSwitchContext
                0x00000000000017d4                vTaskSuspend
                0x0000000000001854                vTaskPlaceOnEventList
                0x0000000000001894                vTaskPlaceOnUnorderedEventList
                0x00000000000018ec                xTaskRemoveFromEventList
                0x0000000000001964                xTaskRemoveFromUnorderedEventList
                0x00000000000019d0                vTaskSetTimeOutState
                0x00000000000019ec                xTaskCheckForTimeOut
                0x0000000000001a54                vTaskMissedYield
                0x0000000000001a64                xTaskGetCurrentTaskHandle
                0x0000000000001a70                vTaskPriorityInherit
                0x0000000000001ae8                vTaskPriorityDisinherit
                0x0000000000001b38                uxTaskResetEventItemValue
 .text          0x0000000000001b50      0x11c /Users/Rhemi25/Dropbox/Rich Stuff/School/Fall '14/Comp Op Sys/LPCXpresso Workspace/FreeRTOS_Library/Debug/libFreeRTOS_Library.a(heap_2.o)
                0x0000000000001b50                pvPortMalloc
                0x0000000000001c1c                vPortFree
                0x0000000000001c5c                xPortGetFreeHeapSize
                0x0000000000001c68                vPortInitialiseBlocks
 .text          0x0000000000001c6c       0x90 /Users/Rhemi25/Dropbox/Rich Stuff/School/Fall '14/Comp Op Sys/LPCXpresso Workspace/FreeRTOS_Library/Debug/libFreeRTOS_Library.a(list.o)
                0x0000000000001c6c                vListInitialise
                0x0000000000001c84                vListInitialiseItem
                0x0000000000001c8c                vListInsertEnd
                0x0000000000001ca4                vListInsert
                0x0000000000001cd8                uxListRemove
 .text.__main   0x0000000000001cfc       0x14 /Applications/lpcxpresso_7.3.0_186/lpcxpresso/tools/bin/../lib/gcc/arm-none-eabi/4.8.4/../../../../arm-none-eabi/lib/armv7-m/libcr_semihost.a(_cr__main.o)
                0x0000000000001cfc                __main
                0x0000000000001cfc                __CR_SEMIHOST
 .text.memcpy   0x0000000000001d10        0x4 /Applications/lpcxpresso_7.3.0_186/lpcxpresso/tools/bin/../lib/gcc/arm-none-eabi/4.8.4/../../../../arm-none-eabi/lib/armv7-m/libcr_c.a(memcpy.o)
                0x0000000000001d10                memcpy
 .text.memset   0x0000000000001d14        0x4 /Applications/lpcxpresso_7.3.0_186/lpcxpresso/tools/bin/../lib/gcc/arm-none-eabi/4.8.4/../../../../arm-none-eabi/lib/armv7-m/libcr_c.a(memset.o)
                0x0000000000001d14                memset
 .text.fp_round
                0x0000000000001d18       0x4e /Applications/lpcxpresso_7.3.0_186/lpcxpresso/tools/bin/../lib/gcc/arm-none-eabi/4.8.4/../../../../arm-none-eabi/lib/armv7-m/libcr_c.a(fpprintf.o)
 .text.pr_dec.constprop.1
                0x0000000000001d66       0x26 /Applications/lpcxpresso_7.3.0_186/lpcxpresso/tools/bin/../lib/gcc/arm-none-eabi/4.8.4/../../../../arm-none-eabi/lib/armv7-m/libcr_c.a(fpprintf.o)
 .text.sprintf  0x0000000000001d8c       0x6c /Applications/lpcxpresso_7.3.0_186/lpcxpresso/tools/bin/../lib/gcc/arm-none-eabi/4.8.4/../../../../arm-none-eabi/lib/armv7-m/libcr_c.a(fpprintf.o)
                0x0000000000001d8c                sprintf
 .text.fp_display
                0x0000000000001df8      0x998 /Applications/lpcxpresso_7.3.0_186/lpcxpresso/tools/bin/../lib/gcc/arm-none-eabi/4.8.4/../../../../arm-none-eabi/lib/armv7-m/libcr_c.a(fpprintf.o)
 .text.vsnprintf
                0x0000000000002790       0x5c /Applications/lpcxpresso_7.3.0_186/lpcxpresso/tools/bin/../lib/gcc/arm-none-eabi/4.8.4/../../../../arm-none-eabi/lib/armv7-m/libcr_c.a(fpprintf.o)
                0x0000000000002790                vsnprintf
 .text.printf   0x00000000000027ec       0x54 /Applications/lpcxpresso_7.3.0_186/lpcxpresso/tools/bin/../lib/gcc/arm-none-eabi/4.8.4/../../../../arm-none-eabi/lib/armv7-m/libcr_c.a(fpprintf.o)
                0x00000000000027ec                printf
 .text._initio  0x0000000000002840       0xa4 /Applications/lpcxpresso_7.3.0_186/lpcxpresso/tools/bin/../lib/gcc/arm-none-eabi/4.8.4/../../../../arm-none-eabi/lib/armv7-m/libcr_c.a(initio.o)
                0x0000000000002840                _initio
 .text.memcmp   0x00000000000028e4       0x44 /Applications/lpcxpresso_7.3.0_186/lpcxpresso/tools/bin/../lib/gcc/arm-none-eabi/4.8.4/../../../../arm-none-eabi/lib/armv7-m/libcr_c.a(memcmp.o)
                0x00000000000028e4                memcmp
 .text.__vfprintf
                0x0000000000002928      0xca0 /Applications/lpcxpresso_7.3.0_186/lpcxpresso/tools/bin/../lib/gcc/arm-none-eabi/4.8.4/../../../../arm-none-eabi/lib/armv7-m/libcr_c.a(printf.o)
                0x0000000000002928                __vfprintf
 .text.setvbuf  0x00000000000035c8       0x40 /Applications/lpcxpresso_7.3.0_186/lpcxpresso/tools/bin/../lib/gcc/arm-none-eabi/4.8.4/../../../../arm-none-eabi/lib/armv7-m/libcr_c.a(setvbuf.o)
                0x00000000000035c8                setvbuf
 .text.strlen   0x0000000000003608       0x4a /Applications/lpcxpresso_7.3.0_186/lpcxpresso/tools/bin/../lib/gcc/arm-none-eabi/4.8.4/../../../../arm-none-eabi/lib/armv7-m/libcr_c.a(strlen.o)
                0x0000000000003608                strlen
 .text._deferredlazyseek
                0x0000000000003652       0x44 /Applications/lpcxpresso_7.3.0_186/lpcxpresso/tools/bin/../lib/gcc/arm-none-eabi/4.8.4/../../../../arm-none-eabi/lib/armv7-m/libcr_c.a(_deferredlazyseek.o)
                0x0000000000003652                _deferredlazyseek
 .text.__flsbuf
                0x0000000000003696      0x142 /Applications/lpcxpresso_7.3.0_186/lpcxpresso/tools/bin/../lib/gcc/arm-none-eabi/4.8.4/../../../../arm-none-eabi/lib/armv7-m/libcr_c.a(_deferredlazyseek.o)
                0x0000000000003696                __flsbuf
 .text._fdopen  0x00000000000037d8       0x6a /Applications/lpcxpresso_7.3.0_186/lpcxpresso/tools/bin/../lib/gcc/arm-none-eabi/4.8.4/../../../../arm-none-eabi/lib/armv7-m/libcr_c.a(_fdopen.o)
                0x00000000000037d8                _fdopen
 .text._fflush  0x0000000000003842       0x58 /Applications/lpcxpresso_7.3.0_186/lpcxpresso/tools/bin/../lib/gcc/arm-none-eabi/4.8.4/../../../../arm-none-eabi/lib/armv7-m/libcr_c.a(_fflush.o)
                0x0000000000003842                _fflush
 .text._frexpl  0x000000000000389a       0x5c /Applications/lpcxpresso_7.3.0_186/lpcxpresso/tools/bin/../lib/gcc/arm-none-eabi/4.8.4/../../../../arm-none-eabi/lib/armv7-m/libcr_c.a(_frexpl.o)
                0x000000000000389a                _frexpl
 *fill*         0x00000000000038f6        0x2 
 .text._ldexpl  0x00000000000038f8       0x4c /Applications/lpcxpresso_7.3.0_186/lpcxpresso/tools/bin/../lib/gcc/arm-none-eabi/4.8.4/../../../../arm-none-eabi/lib/armv7-m/libcr_c.a(_ldexpl.o)
                0x00000000000038f8                _ldexpl
 .text._Cwritebuf
                0x0000000000003944       0x70 /Applications/lpcxpresso_7.3.0_186/lpcxpresso/tools/bin/../lib/gcc/arm-none-eabi/4.8.4/../../../../arm-none-eabi/lib/armv7-m/libcr_c.a(_writebuf.o)
                0x0000000000003944                _Cwritebuf
 .text.malloc   0x00000000000039b4       0xc4 /Applications/lpcxpresso_7.3.0_186/lpcxpresso/tools/bin/../lib/gcc/arm-none-eabi/4.8.4/../../../../arm-none-eabi/lib/armv7-m/libcr_c.a(alloc.o)
                0x00000000000039b4                malloc
 .text.free     0x0000000000003a78        0xc /Applications/lpcxpresso_7.3.0_186/lpcxpresso/tools/bin/../lib/gcc/arm-none-eabi/4.8.4/../../../../arm-none-eabi/lib/armv7-m/libcr_c.a(alloc.o)
                0x0000000000003a78                free
 .text._Csys_alloc
                0x0000000000003a84       0x20 /Applications/lpcxpresso_7.3.0_186/lpcxpresso/tools/bin/../lib/gcc/arm-none-eabi/4.8.4/../../../../arm-none-eabi/lib/armv7-m/libcr_c.a(alloc.o)
                0x0000000000003a84                _Csys_alloc
 .text.fclose   0x0000000000003aa4       0x6c /Applications/lpcxpresso_7.3.0_186/lpcxpresso/tools/bin/../lib/gcc/arm-none-eabi/4.8.4/../../../../arm-none-eabi/lib/armv7-m/libcr_c.a(fclose.o)
                0x0000000000003aa4                fclose
 .text.fflush   0x0000000000003b10       0x30 /Applications/lpcxpresso_7.3.0_186/lpcxpresso/tools/bin/../lib/gcc/arm-none-eabi/4.8.4/../../../../arm-none-eabi/lib/armv7-m/libcr_c.a(fflush.o)
                0x0000000000003b10                fflush
 .text.fseek    0x0000000000003b40      0x10c /Applications/lpcxpresso_7.3.0_186/lpcxpresso/tools/bin/../lib/gcc/arm-none-eabi/4.8.4/../../../../arm-none-eabi/lib/armv7-m/libcr_c.a(fseek.o)
                0x0000000000003b40                fseek
 .text.ftell    0x0000000000003c4c       0x4c /Applications/lpcxpresso_7.3.0_186/lpcxpresso/tools/bin/../lib/gcc/arm-none-eabi/4.8.4/../../../../arm-none-eabi/lib/armv7-m/libcr_c.a(ftell.o)
                0x0000000000003c4c                ftell
 .text.remove   0x0000000000003c98       0x14 /Applications/lpcxpresso_7.3.0_186/lpcxpresso/tools/bin/../lib/gcc/arm-none-eabi/4.8.4/../../../../arm-none-eabi/lib/armv7-m/libcr_c.a(remove.o)
                0x0000000000003c98                remove
 .text._sbrk    0x0000000000003cac       0x40 /Applications/lpcxpresso_7.3.0_186/lpcxpresso/tools/bin/../lib/gcc/arm-none-eabi/4.8.4/../../../../arm-none-eabi/lib/armv7-m/libcr_c.a(_cr_sbrk.o)
                0x0000000000003cac                _sbrk
 .text._do_fflush
                0x0000000000003cec       0x44 /Applications/lpcxpresso_7.3.0_186/lpcxpresso/tools/bin/../lib/gcc/arm-none-eabi/4.8.4/../../../../arm-none-eabi/lib/armv7-m/libcr_c.a(_do_fflush.o)
                0x0000000000003cec                _do_fflush
 .text.__check_heap_overflow
                0x0000000000003d30       0x18 /Applications/lpcxpresso_7.3.0_186/lpcxpresso/tools/bin/../lib/gcc/arm-none-eabi/4.8.4/../../../../arm-none-eabi/lib/armv7-m/libcr_c.a(_cr_check_heap.o)
                0x0000000000003d30                __check_heap_overflow
 .text.__aeabi_dmul
                0x0000000000003d48      0x12c /Applications/lpcxpresso_7.3.0_186/lpcxpresso/tools/bin/../lib/gcc/arm-none-eabi/4.8.4/armv7-m/libcr_eabihelpers.a(double.o)
                0x0000000000003d48                __aeabi_dmul
 .text.__aeabi_ddiv
                0x0000000000003e74      0x16c /Applications/lpcxpresso_7.3.0_186/lpcxpresso/tools/bin/../lib/gcc/arm-none-eabi/4.8.4/armv7-m/libcr_eabihelpers.a(double.o)
                0x0000000000003e74                __aeabi_ddiv
 .text.__aeabi_dsub
                0x0000000000003fe0      0x228 /Applications/lpcxpresso_7.3.0_186/lpcxpresso/tools/bin/../lib/gcc/arm-none-eabi/4.8.4/armv7-m/libcr_eabihelpers.a(double.o)
                0x0000000000003fe0                __aeabi_dsub
 .text.__aeabi_dadd
                0x0000000000004208      0x178 /Applications/lpcxpresso_7.3.0_186/lpcxpresso/tools/bin/../lib/gcc/arm-none-eabi/4.8.4/armv7-m/libcr_eabihelpers.a(double.o)
                0x0000000000004208                __aeabi_dadd
 .text.__aeabi_d2iz
                0x0000000000004380       0x4c /Applications/lpcxpresso_7.3.0_186/lpcxpresso/tools/bin/../lib/gcc/arm-none-eabi/4.8.4/armv7-m/libcr_eabihelpers.a(double.o)
                0x0000000000004380                __aeabi_d2iz
 .text.__bhs_ui2d
                0x00000000000043cc       0x48 /Applications/lpcxpresso_7.3.0_186/lpcxpresso/tools/bin/../lib/gcc/arm-none-eabi/4.8.4/armv7-m/libcr_eabihelpers.a(double.o)
                0x00000000000043cc                __bhs_ui2d
 .text.__aeabi_i2d
                0x0000000000004414       0x10 /Applications/lpcxpresso_7.3.0_186/lpcxpresso/tools/bin/../lib/gcc/arm-none-eabi/4.8.4/armv7-m/libcr_eabihelpers.a(double.o)
                0x0000000000004414                __aeabi_i2d
 .text.__aeabi_dcmpeq
                0x0000000000004424       0x40 /Applications/lpcxpresso_7.3.0_186/lpcxpresso/tools/bin/../lib/gcc/arm-none-eabi/4.8.4/armv7-m/libcr_eabihelpers.a(double.o)
                0x0000000000004424                __aeabi_dcmpeq
 .text.__aeabi_dcmplt
                0x0000000000004464       0x70 /Applications/lpcxpresso_7.3.0_186/lpcxpresso/tools/bin/../lib/gcc/arm-none-eabi/4.8.4/armv7-m/libcr_eabihelpers.a(double.o)
                0x0000000000004464                __aeabi_dcmplt
 .text.__aeabi_dcmple
                0x00000000000044d4       0x68 /Applications/lpcxpresso_7.3.0_186/lpcxpresso/tools/bin/../lib/gcc/arm-none-eabi/4.8.4/armv7-m/libcr_eabihelpers.a(double.o)
                0x00000000000044d4                __aeabi_dcmple
 .text.__aeabi_dcmpge
                0x000000000000453c       0x64 /Applications/lpcxpresso_7.3.0_186/lpcxpresso/tools/bin/../lib/gcc/arm-none-eabi/4.8.4/armv7-m/libcr_eabihelpers.a(double.o)
                0x000000000000453c                __aeabi_dcmpge
 .text.__aeabi_memcpy
                0x00000000000045a0       0x2a /Applications/lpcxpresso_7.3.0_186/lpcxpresso/tools/bin/../lib/gcc/arm-none-eabi/4.8.4/armv7-m/libcr_eabihelpers.a(memcpy.o)
                0x00000000000045a0                __aeabi_memcpy
                0x00000000000045a0                __aeabi_memcpy4
                0x00000000000045a0                __aeabi_memcpy8
 .text.__aeabi_memset_lowlevel
                0x00000000000045ca       0x2c /Applications/lpcxpresso_7.3.0_186/lpcxpresso/tools/bin/../lib/gcc/arm-none-eabi/4.8.4/armv7-m/libcr_eabihelpers.a(memcpy.o)
                0x00000000000045ca                __aeabi_lowlevel_memset
 *fill*         0x00000000000045f6        0x2 
 .text.__sys_appexit
                0x00000000000045f8        0xc /Applications/lpcxpresso_7.3.0_186/lpcxpresso/tools/bin/../lib/gcc/arm-none-eabi/4.8.4/../../../../arm-none-eabi/lib/armv7-m/libcr_semihost.a(__sys_appexit.o)
                0x00000000000045f8                __exit
                0x00000000000045f8                __sys_appexit
 .text.__sys_close
                0x0000000000004604        0xc /Applications/lpcxpresso_7.3.0_186/lpcxpresso/tools/bin/../lib/gcc/arm-none-eabi/4.8.4/../../../../arm-none-eabi/lib/armv7-m/libcr_semihost.a(__sys_close.o)
                0x0000000000004604                __sys_close
 .text.__sys_flen
                0x0000000000004610        0xc /Applications/lpcxpresso_7.3.0_186/lpcxpresso/tools/bin/../lib/gcc/arm-none-eabi/4.8.4/../../../../arm-none-eabi/lib/armv7-m/libcr_semihost.a(__sys_flen.o)
                0x0000000000004610                __sys_flen
 .text.__sys_istty
                0x000000000000461c        0xc /Applications/lpcxpresso_7.3.0_186/lpcxpresso/tools/bin/../lib/gcc/arm-none-eabi/4.8.4/../../../../arm-none-eabi/lib/armv7-m/libcr_semihost.a(__sys_istty.o)
                0x000000000000461c                __sys_istty
 .text.__sys_remove
                0x0000000000004628        0xc /Applications/lpcxpresso_7.3.0_186/lpcxpresso/tools/bin/../lib/gcc/arm-none-eabi/4.8.4/../../../../arm-none-eabi/lib/armv7-m/libcr_semihost.a(__sys_remove.o)
                0x0000000000004628                __sys_remove
 .text.__sys_seek
                0x0000000000004634        0xc /Applications/lpcxpresso_7.3.0_186/lpcxpresso/tools/bin/../lib/gcc/arm-none-eabi/4.8.4/../../../../arm-none-eabi/lib/armv7-m/libcr_semihost.a(__sys_seek.o)
                0x0000000000004634                __sys_seek
 .text.__sys_tmpnam
                0x0000000000004640        0xc /Applications/lpcxpresso_7.3.0_186/lpcxpresso/tools/bin/../lib/gcc/arm-none-eabi/4.8.4/../../../../arm-none-eabi/lib/armv7-m/libcr_semihost.a(__sys_tmpnam.o)
                0x0000000000004640                __sys_tmpnam
 .text.__sys_write
                0x000000000000464c        0xc /Applications/lpcxpresso_7.3.0_186/lpcxpresso/tools/bin/../lib/gcc/arm-none-eabi/4.8.4/../../../../arm-none-eabi/lib/armv7-m/libcr_semihost.a(__sys_write.o)
                0x000000000000464c                __write
                0x000000000000464c                __sys_write
 *(.rodata .rodata.* .constdata .constdata.*)
 .rodata.str1.4
                0x0000000000004658       0x59 ./main.o
                                         0x5c (size before relaxing)
 *fill*         0x00000000000046b1        0x3 
 .rodata        0x00000000000046b4       0x14 /Users/Rhemi25/Dropbox/Rich Stuff/School/Fall '14/Comp Op Sys/LPCXpresso Workspace/FreeRTOS_Library/Debug/libFreeRTOS_Library.a(tasks.o)
 .rodata.str1.4
                0x00000000000046c8        0x8 /Users/Rhemi25/Dropbox/Rich Stuff/School/Fall '14/Comp Op Sys/LPCXpresso Workspace/FreeRTOS_Library/Debug/libFreeRTOS_Library.a(tasks.o)
 .rodata.str1.1
                0x00000000000046d0       0x34 /Applications/lpcxpresso_7.3.0_186/lpcxpresso/tools/bin/../lib/gcc/arm-none-eabi/4.8.4/../../../../arm-none-eabi/lib/armv7-m/libcr_c.a(fpprintf.o)
                                         0x35 (size before relaxing)
 .rodata.str1.1
                0x0000000000004704        0x4 /Applications/lpcxpresso_7.3.0_186/lpcxpresso/tools/bin/../lib/gcc/arm-none-eabi/4.8.4/../../../../arm-none-eabi/lib/armv7-m/libcr_c.a(initio.o)
 .rodata.str1.1
                0x0000000000004708       0x31 /Applications/lpcxpresso_7.3.0_186/lpcxpresso/tools/bin/../lib/gcc/arm-none-eabi/4.8.4/../../../../arm-none-eabi/lib/armv7-m/libcr_c.a(printf.o)
                                         0x38 (size before relaxing)
 .rodata.str1.1
                0x0000000000004739       0x18 /Applications/lpcxpresso_7.3.0_186/lpcxpresso/tools/bin/../lib/gcc/arm-none-eabi/4.8.4/../../../../arm-none-eabi/lib/armv7-m/libcr_c.a(alloc.o)
 *fill*         0x0000000000004751        0x7 
 .rodata.__huge_vall
                0x0000000000004758        0x8 /Applications/lpcxpresso_7.3.0_186/lpcxpresso/tools/bin/../lib/gcc/arm-none-eabi/4.8.4/../../../../arm-none-eabi/lib/armv7-m/libcr_c.a(_hugeval.o)
                0x0000000000004758                __huge_vall
                0x0000000000004760                . = ALIGN (0x4)

.glue_7         0x0000000000004760        0x0
 .glue_7        0x0000000000000000        0x0 linker stubs

.glue_7t        0x0000000000004760        0x0
 .glue_7t       0x0000000000000000        0x0 linker stubs

.vfp11_veneer   0x0000000000004760        0x0
 .vfp11_veneer  0x0000000000000000        0x0 linker stubs

.v4_bx          0x0000000000004760        0x0
 .v4_bx         0x0000000000000000        0x0 linker stubs

.iplt           0x0000000000004760        0x0
 .iplt          0x0000000000000000        0x0 ./cr_startup_lpc17.o

.rel.dyn        0x0000000000004760        0x0
 .rel.iplt      0x0000000000000000        0x0 ./cr_startup_lpc17.o

.ARM.extab
 *(.ARM.extab* .gnu.linkonce.armextab.*)
                0x0000000000004760                __exidx_start = .

.ARM.exidx
 *(.ARM.exidx* .gnu.linkonce.armexidx.*)
                0x0000000000004760                __exidx_end = .
                0x0000000000004760                _etext = .

.data_RAM2      0x000000002007c000        0x0 load address 0x0000000000004760
 FILL mask 0xff
 *(.ramfunc.$RAM2)
 *(.ramfunc.$RamAHB32)
 *(.data.$RAM2*)
 *(.data.$RamAHB32*)
                0x000000002007c000                . = ALIGN (0x4)

.uninit_RESERVED
                0x0000000010000000        0x0
 *(.bss.$RESERVED*)
                0x0000000010000000                . = ALIGN (0x4)
                0x0000000010000000                _end_uninit_RESERVED = .

.data           0x0000000010000000        0xc load address 0x0000000000004760
 FILL mask 0xff
                0x0000000010000000                _data = .
 *(vtable)
 *(.ramfunc*)
 *(.data*)
 .data          0x0000000010000000        0x4 /Users/Rhemi25/Dropbox/Rich Stuff/School/Fall '14/Comp Op Sys/LPCXpresso Workspace/FreeRTOS_Library/Debug/libFreeRTOS_Library.a(port.o)
 .data          0x0000000010000004        0x4 /Users/Rhemi25/Dropbox/Rich Stuff/School/Fall '14/Comp Op Sys/LPCXpresso Workspace/FreeRTOS_Library/Debug/libFreeRTOS_Library.a(tasks.o)
 .data          0x0000000010000008        0x4 /Users/Rhemi25/Dropbox/Rich Stuff/School/Fall '14/Comp Op Sys/LPCXpresso Workspace/FreeRTOS_Library/Debug/libFreeRTOS_Library.a(heap_2.o)
                0x000000001000000c                . = ALIGN (0x4)
                0x000000001000000c                _edata = .

.igot.plt       0x000000001000000c        0x0 load address 0x000000000000476c
 .igot.plt      0x0000000000000000        0x0 ./cr_startup_lpc17.o

.bss_RAM2       0x000000002007c000        0x0
 *(.bss.$RAM2*)
 *(.bss.$RamAHB32*)
                0x000000002007c000                . = ALIGN (0x4)

.bss            0x0000000010000010     0x2a90
                0x0000000010000010                _bss = .
 *(.bss*)
 .bss           0x0000000010000010        0x8 /Users/Rhemi25/Dropbox/Rich Stuff/School/Fall '14/Comp Op Sys/LPCXpresso Workspace/FreeRTOS_Library/Debug/libFreeRTOS_Library.a(port.o)
 .bss           0x0000000010000018       0xfc /Users/Rhemi25/Dropbox/Rich Stuff/School/Fall '14/Comp Op Sys/LPCXpresso Workspace/FreeRTOS_Library/Debug/libFreeRTOS_Library.a(tasks.o)
                0x0000000010000044                pxCurrentTCB
 .bss           0x0000000010000114     0x2814 /Users/Rhemi25/Dropbox/Rich Stuff/School/Fall '14/Comp Op Sys/LPCXpresso Workspace/FreeRTOS_Library/Debug/libFreeRTOS_Library.a(heap_2.o)
 .bss.errno     0x0000000010002928        0x4 /Applications/lpcxpresso_7.3.0_186/lpcxpresso/tools/bin/../lib/gcc/arm-none-eabi/4.8.4/../../../../arm-none-eabi/lib/armv7-m/libcr_c.a(errno.o)
                0x0000000010002928                errno
 *(COMMON)
 *fill*         0x000000001000292c        0x4 
 COMMON         0x0000000010002930       0x24 ./main.o
                0x0000000010002930                freq
                0x0000000010002938                xPrintQueue
                0x000000001000293c                xMutexClock
                0x0000000010002940                xDataQueue
                0x0000000010002944                xBinarySemaphore
                0x0000000010002948                rtc_clock_ctr
                0x000000001000294c                xMutexData
                0x0000000010002950                xPrintSemaphore
 COMMON         0x0000000010002954        0x4 /Applications/lpcxpresso_7.3.0_186/lpcxpresso/tools/bin/../lib/gcc/arm-none-eabi/4.8.4/../../../../arm-none-eabi/lib/armv7-m/libcr_c.a(initio.o)
                0x0000000010002954                _extra
 COMMON         0x0000000010002958      0x140 /Applications/lpcxpresso_7.3.0_186/lpcxpresso/tools/bin/../lib/gcc/arm-none-eabi/4.8.4/../../../../arm-none-eabi/lib/armv7-m/libcr_c.a(stdio.o)
                0x0000000010002958                __Ciob
 COMMON         0x0000000010002a98        0x8 /Applications/lpcxpresso_7.3.0_186/lpcxpresso/tools/bin/../lib/gcc/arm-none-eabi/4.8.4/../../../../arm-none-eabi/lib/armv7-m/libcr_c.a(__init_alloc.o)
                0x0000000010002a98                __heaps
                0x0000000010002a9c                __end_of_heap
                0x0000000010002aa0                . = ALIGN (0x4)
                0x0000000010002aa0                _ebss = .
                0x0000000010002aa0                PROVIDE (end, .)

.noinit_RAM2    0x000000002007c000        0x0
 *(.noinit.$RAM2*)
 *(.noinit.$RamAHB32*)
                0x000000002007c000                . = ALIGN (0x4)

.noinit         0x0000000010002aa0        0x0
                0x0000000010002aa0                _noinit = .
 *(.noinit*)
                0x0000000010002aa0                . = ALIGN (0x4)
                0x0000000010002aa0                _end_noinit = .
                0x0000000010002aa0                PROVIDE (_pvHeapStart, .)
                0x0000000010008000                PROVIDE (_vStackTop, (__top_RamLoc32 - 0x0))
OUTPUT(Example12.axf elf32-littlearm)

.debug_info     0x0000000000000000     0x4ea9
 .debug_info    0x0000000000000000      0x1da ./cr_startup_lpc17.o
 .debug_info    0x00000000000001da     0x1549 ./main.o
 .debug_info    0x0000000000001723      0x30d /Users/Rhemi25/Dropbox/Rich Stuff/School/Fall '14/Comp Op Sys/LPCXpresso Workspace/CMSISv1p30_LPC17xx/Debug/libCMSISv1p30_LPC17xx.a(system_LPC17xx.o)
 .debug_info    0x0000000000001a30      0x3d4 /Users/Rhemi25/Dropbox/Rich Stuff/School/Fall '14/Comp Op Sys/LPCXpresso Workspace/FreeRTOS_Library/Debug/libFreeRTOS_Library.a(port.o)
 .debug_info    0x0000000000001e04     0x1187 /Users/Rhemi25/Dropbox/Rich Stuff/School/Fall '14/Comp Op Sys/LPCXpresso Workspace/FreeRTOS_Library/Debug/libFreeRTOS_Library.a(queue.o)
 .debug_info    0x0000000000002f8b     0x190b /Users/Rhemi25/Dropbox/Rich Stuff/School/Fall '14/Comp Op Sys/LPCXpresso Workspace/FreeRTOS_Library/Debug/libFreeRTOS_Library.a(tasks.o)
 .debug_info    0x0000000000004896      0x36b /Users/Rhemi25/Dropbox/Rich Stuff/School/Fall '14/Comp Op Sys/LPCXpresso Workspace/FreeRTOS_Library/Debug/libFreeRTOS_Library.a(heap_2.o)
 .debug_info    0x0000000000004c01      0x2a8 /Users/Rhemi25/Dropbox/Rich Stuff/School/Fall '14/Comp Op Sys/LPCXpresso Workspace/FreeRTOS_Library/Debug/libFreeRTOS_Library.a(list.o)

.debug_abbrev   0x0000000000000000      0xfd4
 .debug_abbrev  0x0000000000000000       0xd5 ./cr_startup_lpc17.o
 .debug_abbrev  0x00000000000000d5      0x3a2 ./main.o
 .debug_abbrev  0x0000000000000477       0xe6 /Users/Rhemi25/Dropbox/Rich Stuff/School/Fall '14/Comp Op Sys/LPCXpresso Workspace/CMSISv1p30_LPC17xx/Debug/libCMSISv1p30_LPC17xx.a(system_LPC17xx.o)
 .debug_abbrev  0x000000000000055d      0x1fb /Users/Rhemi25/Dropbox/Rich Stuff/School/Fall '14/Comp Op Sys/LPCXpresso Workspace/FreeRTOS_Library/Debug/libFreeRTOS_Library.a(port.o)
 .debug_abbrev  0x0000000000000758      0x291 /Users/Rhemi25/Dropbox/Rich Stuff/School/Fall '14/Comp Op Sys/LPCXpresso Workspace/FreeRTOS_Library/Debug/libFreeRTOS_Library.a(queue.o)
 .debug_abbrev  0x00000000000009e9      0x30b /Users/Rhemi25/Dropbox/Rich Stuff/School/Fall '14/Comp Op Sys/LPCXpresso Workspace/FreeRTOS_Library/Debug/libFreeRTOS_Library.a(tasks.o)
 .debug_abbrev  0x0000000000000cf4      0x1e7 /Users/Rhemi25/Dropbox/Rich Stuff/School/Fall '14/Comp Op Sys/LPCXpresso Workspace/FreeRTOS_Library/Debug/libFreeRTOS_Library.a(heap_2.o)
 .debug_abbrev  0x0000000000000edb       0xf9 /Users/Rhemi25/Dropbox/Rich Stuff/School/Fall '14/Comp Op Sys/LPCXpresso Workspace/FreeRTOS_Library/Debug/libFreeRTOS_Library.a(list.o)

.debug_loc      0x0000000000000000     0x27db
 .debug_loc     0x0000000000000000       0x40 ./cr_startup_lpc17.o
 .debug_loc     0x0000000000000040      0x183 ./main.o
 .debug_loc     0x00000000000001c3       0xa6 /Users/Rhemi25/Dropbox/Rich Stuff/School/Fall '14/Comp Op Sys/LPCXpresso Workspace/FreeRTOS_Library/Debug/libFreeRTOS_Library.a(port.o)
 .debug_loc     0x0000000000000269     0x1101 /Users/Rhemi25/Dropbox/Rich Stuff/School/Fall '14/Comp Op Sys/LPCXpresso Workspace/FreeRTOS_Library/Debug/libFreeRTOS_Library.a(queue.o)
 .debug_loc     0x000000000000136a     0x11ae /Users/Rhemi25/Dropbox/Rich Stuff/School/Fall '14/Comp Op Sys/LPCXpresso Workspace/FreeRTOS_Library/Debug/libFreeRTOS_Library.a(tasks.o)
 .debug_loc     0x0000000000002518      0x253 /Users/Rhemi25/Dropbox/Rich Stuff/School/Fall '14/Comp Op Sys/LPCXpresso Workspace/FreeRTOS_Library/Debug/libFreeRTOS_Library.a(heap_2.o)
 .debug_loc     0x000000000000276b       0x70 /Users/Rhemi25/Dropbox/Rich Stuff/School/Fall '14/Comp Op Sys/LPCXpresso Workspace/FreeRTOS_Library/Debug/libFreeRTOS_Library.a(list.o)

.debug_aranges  0x0000000000000000      0x1a8
 .debug_aranges
                0x0000000000000000       0x70 ./cr_startup_lpc17.o
 .debug_aranges
                0x0000000000000070       0x70 ./main.o
 .debug_aranges
                0x00000000000000e0       0x28 /Users/Rhemi25/Dropbox/Rich Stuff/School/Fall '14/Comp Op Sys/LPCXpresso Workspace/CMSISv1p30_LPC17xx/Debug/libCMSISv1p30_LPC17xx.a(system_LPC17xx.o)
 .debug_aranges
                0x0000000000000108       0x20 /Users/Rhemi25/Dropbox/Rich Stuff/School/Fall '14/Comp Op Sys/LPCXpresso Workspace/FreeRTOS_Library/Debug/libFreeRTOS_Library.a(port.o)
 .debug_aranges
                0x0000000000000128       0x20 /Users/Rhemi25/Dropbox/Rich Stuff/School/Fall '14/Comp Op Sys/LPCXpresso Workspace/FreeRTOS_Library/Debug/libFreeRTOS_Library.a(queue.o)
 .debug_aranges
                0x0000000000000148       0x20 /Users/Rhemi25/Dropbox/Rich Stuff/School/Fall '14/Comp Op Sys/LPCXpresso Workspace/FreeRTOS_Library/Debug/libFreeRTOS_Library.a(tasks.o)
 .debug_aranges
                0x0000000000000168       0x20 /Users/Rhemi25/Dropbox/Rich Stuff/School/Fall '14/Comp Op Sys/LPCXpresso Workspace/FreeRTOS_Library/Debug/libFreeRTOS_Library.a(heap_2.o)
 .debug_aranges
                0x0000000000000188       0x20 /Users/Rhemi25/Dropbox/Rich Stuff/School/Fall '14/Comp Op Sys/LPCXpresso Workspace/FreeRTOS_Library/Debug/libFreeRTOS_Library.a(list.o)

.debug_ranges   0x0000000000000000      0x140
 .debug_ranges  0x0000000000000000       0x60 ./cr_startup_lpc17.o
 .debug_ranges  0x0000000000000060       0x78 ./main.o
 .debug_ranges  0x00000000000000d8       0x18 /Users/Rhemi25/Dropbox/Rich Stuff/School/Fall '14/Comp Op Sys/LPCXpresso Workspace/CMSISv1p30_LPC17xx/Debug/libCMSISv1p30_LPC17xx.a(system_LPC17xx.o)
 .debug_ranges  0x00000000000000f0       0x50 /Users/Rhemi25/Dropbox/Rich Stuff/School/Fall '14/Comp Op Sys/LPCXpresso Workspace/FreeRTOS_Library/Debug/libFreeRTOS_Library.a(tasks.o)

.debug_macro    0x0000000000000000     0x3b7c
 .debug_macro   0x0000000000000000       0x52 ./cr_startup_lpc17.o
 .debug_macro   0x0000000000000052      0x850 ./cr_startup_lpc17.o
 .debug_macro   0x00000000000008a2       0x10 ./cr_startup_lpc17.o
 .debug_macro   0x00000000000008b2      0x122 ./cr_startup_lpc17.o
 .debug_macro   0x00000000000009d4      0x5b9 ./cr_startup_lpc17.o
 .debug_macro   0x0000000000000f8d      0x124 ./main.o
 .debug_macro   0x00000000000010b1       0x16 ./main.o
 .debug_macro   0x00000000000010c7       0x40 ./main.o
 .debug_macro   0x0000000000001107       0x1c ./main.o
 .debug_macro   0x0000000000001123      0x7d5 ./main.o
 .debug_macro   0x00000000000018f8      0x2c7 ./main.o
 .debug_macro   0x0000000000001bbf       0xd0 ./main.o
 .debug_macro   0x0000000000001c8f       0xb6 ./main.o
 .debug_macro   0x0000000000001d45       0x12 ./main.o
 .debug_macro   0x0000000000001d57       0x1f ./main.o
 .debug_macro   0x0000000000001d76      0x35a ./main.o
 .debug_macro   0x00000000000020d0       0x79 ./main.o
 .debug_macro   0x0000000000002149       0x69 ./main.o
 .debug_macro   0x00000000000021b2       0xb0 ./main.o
 .debug_macro   0x0000000000002262       0x7e ./main.o
 .debug_macro   0x00000000000022e0      0x113 /Users/Rhemi25/Dropbox/Rich Stuff/School/Fall '14/Comp Op Sys/LPCXpresso Workspace/CMSISv1p30_LPC17xx/Debug/libCMSISv1p30_LPC17xx.a(system_LPC17xx.o)
 .debug_macro   0x00000000000023f3      0x850 /Users/Rhemi25/Dropbox/Rich Stuff/School/Fall '14/Comp Op Sys/LPCXpresso Workspace/CMSISv1p30_LPC17xx/Debug/libCMSISv1p30_LPC17xx.a(system_LPC17xx.o)
 .debug_macro   0x0000000000002c43      0x16f /Users/Rhemi25/Dropbox/Rich Stuff/School/Fall '14/Comp Op Sys/LPCXpresso Workspace/FreeRTOS_Library/Debug/libFreeRTOS_Library.a(port.o)
 .debug_macro   0x0000000000002db2      0x844 /Users/Rhemi25/Dropbox/Rich Stuff/School/Fall '14/Comp Op Sys/LPCXpresso Workspace/FreeRTOS_Library/Debug/libFreeRTOS_Library.a(port.o)
 .debug_macro   0x00000000000035f6      0x146 /Users/Rhemi25/Dropbox/Rich Stuff/School/Fall '14/Comp Op Sys/LPCXpresso Workspace/FreeRTOS_Library/Debug/libFreeRTOS_Library.a(queue.o)
 .debug_macro   0x000000000000373c       0x28 /Users/Rhemi25/Dropbox/Rich Stuff/School/Fall '14/Comp Op Sys/LPCXpresso Workspace/FreeRTOS_Library/Debug/libFreeRTOS_Library.a(queue.o)
 .debug_macro   0x0000000000003764      0x189 /Users/Rhemi25/Dropbox/Rich Stuff/School/Fall '14/Comp Op Sys/LPCXpresso Workspace/FreeRTOS_Library/Debug/libFreeRTOS_Library.a(tasks.o)
 .debug_macro   0x00000000000038ed       0x91 /Users/Rhemi25/Dropbox/Rich Stuff/School/Fall '14/Comp Op Sys/LPCXpresso Workspace/FreeRTOS_Library/Debug/libFreeRTOS_Library.a(tasks.o)
 .debug_macro   0x000000000000397e       0x17 /Users/Rhemi25/Dropbox/Rich Stuff/School/Fall '14/Comp Op Sys/LPCXpresso Workspace/FreeRTOS_Library/Debug/libFreeRTOS_Library.a(tasks.o)
 .debug_macro   0x0000000000003995      0x10a /Users/Rhemi25/Dropbox/Rich Stuff/School/Fall '14/Comp Op Sys/LPCXpresso Workspace/FreeRTOS_Library/Debug/libFreeRTOS_Library.a(heap_2.o)
 .debug_macro   0x0000000000003a9f       0xdd /Users/Rhemi25/Dropbox/Rich Stuff/School/Fall '14/Comp Op Sys/LPCXpresso Workspace/FreeRTOS_Library/Debug/libFreeRTOS_Library.a(list.o)

.debug_line     0x0000000000000000     0x2021
 .debug_line    0x0000000000000000      0x243 ./cr_startup_lpc17.o
 .debug_line    0x0000000000000243      0x507 ./main.o
 .debug_line    0x000000000000074a      0x220 /Users/Rhemi25/Dropbox/Rich Stuff/School/Fall '14/Comp Op Sys/LPCXpresso Workspace/CMSISv1p30_LPC17xx/Debug/libCMSISv1p30_LPC17xx.a(system_LPC17xx.o)
 .debug_line    0x000000000000096a      0x3a1 /Users/Rhemi25/Dropbox/Rich Stuff/School/Fall '14/Comp Op Sys/LPCXpresso Workspace/FreeRTOS_Library/Debug/libFreeRTOS_Library.a(port.o)
 .debug_line    0x0000000000000d0b      0x580 /Users/Rhemi25/Dropbox/Rich Stuff/School/Fall '14/Comp Op Sys/LPCXpresso Workspace/FreeRTOS_Library/Debug/libFreeRTOS_Library.a(queue.o)
 .debug_line    0x000000000000128b      0x6fd /Users/Rhemi25/Dropbox/Rich Stuff/School/Fall '14/Comp Op Sys/LPCXpresso Workspace/FreeRTOS_Library/Debug/libFreeRTOS_Library.a(tasks.o)
 .debug_line    0x0000000000001988      0x370 /Users/Rhemi25/Dropbox/Rich Stuff/School/Fall '14/Comp Op Sys/LPCXpresso Workspace/FreeRTOS_Library/Debug/libFreeRTOS_Library.a(heap_2.o)
 .debug_line    0x0000000000001cf8      0x329 /Users/Rhemi25/Dropbox/Rich Stuff/School/Fall '14/Comp Op Sys/LPCXpresso Workspace/FreeRTOS_Library/Debug/libFreeRTOS_Library.a(list.o)

.debug_str      0x0000000000000000     0xece7
 .debug_str     0x0000000000000000     0x3c02 ./cr_startup_lpc17.o
                                       0x3c8d (size before relaxing)
 .debug_str     0x0000000000003c02     0x8384 ./main.o
                                       0xbf55 (size before relaxing)
 .debug_str     0x000000000000bf86      0x402 /Users/Rhemi25/Dropbox/Rich Stuff/School/Fall '14/Comp Op Sys/LPCXpresso Workspace/CMSISv1p30_LPC17xx/Debug/libCMSISv1p30_LPC17xx.a(system_LPC17xx.o)
                                       0x7f15 (size before relaxing)
 .debug_str     0x000000000000c388      0x7e1 /Users/Rhemi25/Dropbox/Rich Stuff/School/Fall '14/Comp Op Sys/LPCXpresso Workspace/FreeRTOS_Library/Debug/libFreeRTOS_Library.a(port.o)
                                       0xa9c0 (size before relaxing)
 .debug_str     0x000000000000cb69      0x79a /Users/Rhemi25/Dropbox/Rich Stuff/School/Fall '14/Comp Op Sys/LPCXpresso Workspace/FreeRTOS_Library/Debug/libFreeRTOS_Library.a(queue.o)
                                       0xb59c (size before relaxing)
 .debug_str     0x000000000000d303     0x1665 /Users/Rhemi25/Dropbox/Rich Stuff/School/Fall '14/Comp Op Sys/LPCXpresso Workspace/FreeRTOS_Library/Debug/libFreeRTOS_Library.a(tasks.o)
                                       0xbdb8 (size before relaxing)
 .debug_str     0x000000000000e968      0x338 /Users/Rhemi25/Dropbox/Rich Stuff/School/Fall '14/Comp Op Sys/LPCXpresso Workspace/FreeRTOS_Library/Debug/libFreeRTOS_Library.a(heap_2.o)
                                       0xa6c7 (size before relaxing)
 .debug_str     0x000000000000eca0       0x47 /Users/Rhemi25/Dropbox/Rich Stuff/School/Fall '14/Comp Op Sys/LPCXpresso Workspace/FreeRTOS_Library/Debug/libFreeRTOS_Library.a(list.o)
                                       0xa06b (size before relaxing)

.comment        0x0000000000000000       0xe0
 .comment       0x0000000000000000       0x70 ./cr_startup_lpc17.o
                                         0x71 (size before relaxing)
 .comment       0x0000000000000000       0x71 ./main.o
 .comment       0x0000000000000000       0x71 /Users/Rhemi25/Dropbox/Rich Stuff/School/Fall '14/Comp Op Sys/LPCXpresso Workspace/CMSISv1p30_LPC17xx/Debug/libCMSISv1p30_LPC17xx.a(system_LPC17xx.o)
 .comment       0x0000000000000000       0x71 /Users/Rhemi25/Dropbox/Rich Stuff/School/Fall '14/Comp Op Sys/LPCXpresso Workspace/FreeRTOS_Library/Debug/libFreeRTOS_Library.a(port.o)
 .comment       0x0000000000000000       0x71 /Users/Rhemi25/Dropbox/Rich Stuff/School/Fall '14/Comp Op Sys/LPCXpresso Workspace/FreeRTOS_Library/Debug/libFreeRTOS_Library.a(queue.o)
 .comment       0x0000000000000000       0x71 /Users/Rhemi25/Dropbox/Rich Stuff/School/Fall '14/Comp Op Sys/LPCXpresso Workspace/FreeRTOS_Library/Debug/libFreeRTOS_Library.a(tasks.o)
 .comment       0x0000000000000000       0x71 /Users/Rhemi25/Dropbox/Rich Stuff/School/Fall '14/Comp Op Sys/LPCXpresso Workspace/FreeRTOS_Library/Debug/libFreeRTOS_Library.a(heap_2.o)
 .comment       0x0000000000000000       0x71 /Users/Rhemi25/Dropbox/Rich Stuff/School/Fall '14/Comp Op Sys/LPCXpresso Workspace/FreeRTOS_Library/Debug/libFreeRTOS_Library.a(list.o)
 .comment       0x0000000000000070       0x70 /Applications/lpcxpresso_7.3.0_186/lpcxpresso/tools/bin/../lib/gcc/arm-none-eabi/4.8.4/../../../../arm-none-eabi/lib/armv7-m/libcr_semihost.a(_cr__main.o)
                                         0x71 (size before relaxing)
 .comment       0x0000000000000000       0x71 /Applications/lpcxpresso_7.3.0_186/lpcxpresso/tools/bin/../lib/gcc/arm-none-eabi/4.8.4/../../../../arm-none-eabi/lib/armv7-m/libcr_c.a(memcpy.o)
 .comment       0x0000000000000000       0x71 /Applications/lpcxpresso_7.3.0_186/lpcxpresso/tools/bin/../lib/gcc/arm-none-eabi/4.8.4/../../../../arm-none-eabi/lib/armv7-m/libcr_c.a(memset.o)
 .comment       0x0000000000000000       0x71 /Applications/lpcxpresso_7.3.0_186/lpcxpresso/tools/bin/../lib/gcc/arm-none-eabi/4.8.4/../../../../arm-none-eabi/lib/armv7-m/libcr_c.a(fpprintf.o)
 .comment       0x0000000000000000       0x71 /Applications/lpcxpresso_7.3.0_186/lpcxpresso/tools/bin/../lib/gcc/arm-none-eabi/4.8.4/../../../../arm-none-eabi/lib/armv7-m/libcr_c.a(initio.o)
 .comment       0x0000000000000000       0x71 /Applications/lpcxpresso_7.3.0_186/lpcxpresso/tools/bin/../lib/gcc/arm-none-eabi/4.8.4/../../../../arm-none-eabi/lib/armv7-m/libcr_c.a(memcmp.o)
 .comment       0x0000000000000000       0x71 /Applications/lpcxpresso_7.3.0_186/lpcxpresso/tools/bin/../lib/gcc/arm-none-eabi/4.8.4/../../../../arm-none-eabi/lib/armv7-m/libcr_c.a(printf.o)
 .comment       0x0000000000000000       0x71 /Applications/lpcxpresso_7.3.0_186/lpcxpresso/tools/bin/../lib/gcc/arm-none-eabi/4.8.4/../../../../arm-none-eabi/lib/armv7-m/libcr_c.a(setvbuf.o)
 .comment       0x0000000000000000       0x71 /Applications/lpcxpresso_7.3.0_186/lpcxpresso/tools/bin/../lib/gcc/arm-none-eabi/4.8.4/../../../../arm-none-eabi/lib/armv7-m/libcr_c.a(stdio.o)
 .comment       0x0000000000000000       0x71 /Applications/lpcxpresso_7.3.0_186/lpcxpresso/tools/bin/../lib/gcc/arm-none-eabi/4.8.4/../../../../arm-none-eabi/lib/armv7-m/libcr_c.a(strlen.o)
 .comment       0x0000000000000000       0x71 /Applications/lpcxpresso_7.3.0_186/lpcxpresso/tools/bin/../lib/gcc/arm-none-eabi/4.8.4/../../../../arm-none-eabi/lib/armv7-m/libcr_c.a(_deferredlazyseek.o)
 .comment       0x0000000000000000       0x71 /Applications/lpcxpresso_7.3.0_186/lpcxpresso/tools/bin/../lib/gcc/arm-none-eabi/4.8.4/../../../../arm-none-eabi/lib/armv7-m/libcr_c.a(_fdopen.o)
 .comment       0x0000000000000000       0x71 /Applications/lpcxpresso_7.3.0_186/lpcxpresso/tools/bin/../lib/gcc/arm-none-eabi/4.8.4/../../../../arm-none-eabi/lib/armv7-m/libcr_c.a(_fflush.o)
 .comment       0x0000000000000000       0x71 /Applications/lpcxpresso_7.3.0_186/lpcxpresso/tools/bin/../lib/gcc/arm-none-eabi/4.8.4/../../../../arm-none-eabi/lib/armv7-m/libcr_c.a(_frexpl.o)
 .comment       0x0000000000000000       0x71 /Applications/lpcxpresso_7.3.0_186/lpcxpresso/tools/bin/../lib/gcc/arm-none-eabi/4.8.4/../../../../arm-none-eabi/lib/armv7-m/libcr_c.a(_ldexpl.o)
 .comment       0x0000000000000000       0x71 /Applications/lpcxpresso_7.3.0_186/lpcxpresso/tools/bin/../lib/gcc/arm-none-eabi/4.8.4/../../../../arm-none-eabi/lib/armv7-m/libcr_c.a(_writebuf.o)
 .comment       0x0000000000000000       0x71 /Applications/lpcxpresso_7.3.0_186/lpcxpresso/tools/bin/../lib/gcc/arm-none-eabi/4.8.4/../../../../arm-none-eabi/lib/armv7-m/libcr_c.a(alloc.o)
 .comment       0x0000000000000000       0x71 /Applications/lpcxpresso_7.3.0_186/lpcxpresso/tools/bin/../lib/gcc/arm-none-eabi/4.8.4/../../../../arm-none-eabi/lib/armv7-m/libcr_c.a(errno.o)
 .comment       0x0000000000000000       0x71 /Applications/lpcxpresso_7.3.0_186/lpcxpresso/tools/bin/../lib/gcc/arm-none-eabi/4.8.4/../../../../arm-none-eabi/lib/armv7-m/libcr_c.a(fclose.o)
 .comment       0x0000000000000000       0x71 /Applications/lpcxpresso_7.3.0_186/lpcxpresso/tools/bin/../lib/gcc/arm-none-eabi/4.8.4/../../../../arm-none-eabi/lib/armv7-m/libcr_c.a(fflush.o)
 .comment       0x0000000000000000       0x71 /Applications/lpcxpresso_7.3.0_186/lpcxpresso/tools/bin/../lib/gcc/arm-none-eabi/4.8.4/../../../../arm-none-eabi/lib/armv7-m/libcr_c.a(fseek.o)
 .comment       0x0000000000000000       0x71 /Applications/lpcxpresso_7.3.0_186/lpcxpresso/tools/bin/../lib/gcc/arm-none-eabi/4.8.4/../../../../arm-none-eabi/lib/armv7-m/libcr_c.a(ftell.o)
 .comment       0x0000000000000000       0x71 /Applications/lpcxpresso_7.3.0_186/lpcxpresso/tools/bin/../lib/gcc/arm-none-eabi/4.8.4/../../../../arm-none-eabi/lib/armv7-m/libcr_c.a(remove.o)
 .comment       0x0000000000000000       0x71 /Applications/lpcxpresso_7.3.0_186/lpcxpresso/tools/bin/../lib/gcc/arm-none-eabi/4.8.4/../../../../arm-none-eabi/lib/armv7-m/libcr_c.a(__init_alloc.o)
 .comment       0x0000000000000000       0x71 /Applications/lpcxpresso_7.3.0_186/lpcxpresso/tools/bin/../lib/gcc/arm-none-eabi/4.8.4/../../../../arm-none-eabi/lib/armv7-m/libcr_c.a(_cr_sbrk.o)
 .comment       0x0000000000000000       0x71 /Applications/lpcxpresso_7.3.0_186/lpcxpresso/tools/bin/../lib/gcc/arm-none-eabi/4.8.4/../../../../arm-none-eabi/lib/armv7-m/libcr_c.a(_do_fflush.o)
 .comment       0x0000000000000000       0x71 /Applications/lpcxpresso_7.3.0_186/lpcxpresso/tools/bin/../lib/gcc/arm-none-eabi/4.8.4/../../../../arm-none-eabi/lib/armv7-m/libcr_c.a(_hugeval.o)
 .comment       0x0000000000000000       0x71 /Applications/lpcxpresso_7.3.0_186/lpcxpresso/tools/bin/../lib/gcc/arm-none-eabi/4.8.4/../../../../arm-none-eabi/lib/armv7-m/libcr_c.a(_cr_check_heap.o)
 .comment       0x0000000000000000       0x71 /Applications/lpcxpresso_7.3.0_186/lpcxpresso/tools/bin/../lib/gcc/arm-none-eabi/4.8.4/armv7-m/libcr_eabihelpers.a(double.o)

.ARM.attributes
                0x0000000000000000       0x31
 .ARM.attributes
                0x0000000000000000       0x33 ./cr_startup_lpc17.o
 .ARM.attributes
                0x0000000000000033       0x33 ./main.o
 .ARM.attributes
                0x0000000000000066       0x33 /Users/Rhemi25/Dropbox/Rich Stuff/School/Fall '14/Comp Op Sys/LPCXpresso Workspace/CMSISv1p30_LPC17xx/Debug/libCMSISv1p30_LPC17xx.a(system_LPC17xx.o)
 .ARM.attributes
                0x0000000000000099       0x33 /Users/Rhemi25/Dropbox/Rich Stuff/School/Fall '14/Comp Op Sys/LPCXpresso Workspace/FreeRTOS_Library/Debug/libFreeRTOS_Library.a(port.o)
 .ARM.attributes
                0x00000000000000cc       0x33 /Users/Rhemi25/Dropbox/Rich Stuff/School/Fall '14/Comp Op Sys/LPCXpresso Workspace/FreeRTOS_Library/Debug/libFreeRTOS_Library.a(queue.o)
 .ARM.attributes
                0x00000000000000ff       0x33 /Users/Rhemi25/Dropbox/Rich Stuff/School/Fall '14/Comp Op Sys/LPCXpresso Workspace/FreeRTOS_Library/Debug/libFreeRTOS_Library.a(tasks.o)
 .ARM.attributes
                0x0000000000000132       0x33 /Users/Rhemi25/Dropbox/Rich Stuff/School/Fall '14/Comp Op Sys/LPCXpresso Workspace/FreeRTOS_Library/Debug/libFreeRTOS_Library.a(heap_2.o)
 .ARM.attributes
                0x0000000000000165       0x33 /Users/Rhemi25/Dropbox/Rich Stuff/School/Fall '14/Comp Op Sys/LPCXpresso Workspace/FreeRTOS_Library/Debug/libFreeRTOS_Library.a(list.o)
 .ARM.attributes
                0x0000000000000198       0x33 /Applications/lpcxpresso_7.3.0_186/lpcxpresso/tools/bin/../lib/gcc/arm-none-eabi/4.8.4/../../../../arm-none-eabi/lib/armv7-m/libcr_semihost.a(_cr__main.o)
 .ARM.attributes
                0x00000000000001cb       0x33 /Applications/lpcxpresso_7.3.0_186/lpcxpresso/tools/bin/../lib/gcc/arm-none-eabi/4.8.4/../../../../arm-none-eabi/lib/armv7-m/libcr_c.a(memcpy.o)
 .ARM.attributes
                0x00000000000001fe       0x33 /Applications/lpcxpresso_7.3.0_186/lpcxpresso/tools/bin/../lib/gcc/arm-none-eabi/4.8.4/../../../../arm-none-eabi/lib/armv7-m/libcr_c.a(memset.o)
 .ARM.attributes
                0x0000000000000231       0x33 /Applications/lpcxpresso_7.3.0_186/lpcxpresso/tools/bin/../lib/gcc/arm-none-eabi/4.8.4/../../../../arm-none-eabi/lib/armv7-m/libcr_c.a(fpprintf.o)
 .ARM.attributes
                0x0000000000000264       0x33 /Applications/lpcxpresso_7.3.0_186/lpcxpresso/tools/bin/../lib/gcc/arm-none-eabi/4.8.4/../../../../arm-none-eabi/lib/armv7-m/libcr_c.a(initio.o)
 .ARM.attributes
                0x0000000000000297       0x33 /Applications/lpcxpresso_7.3.0_186/lpcxpresso/tools/bin/../lib/gcc/arm-none-eabi/4.8.4/../../../../arm-none-eabi/lib/armv7-m/libcr_c.a(memcmp.o)
 .ARM.attributes
                0x00000000000002ca       0x33 /Applications/lpcxpresso_7.3.0_186/lpcxpresso/tools/bin/../lib/gcc/arm-none-eabi/4.8.4/../../../../arm-none-eabi/lib/armv7-m/libcr_c.a(printf.o)
 .ARM.attributes
                0x00000000000002fd       0x33 /Applications/lpcxpresso_7.3.0_186/lpcxpresso/tools/bin/../lib/gcc/arm-none-eabi/4.8.4/../../../../arm-none-eabi/lib/armv7-m/libcr_c.a(setvbuf.o)
 .ARM.attributes
                0x0000000000000330       0x33 /Applications/lpcxpresso_7.3.0_186/lpcxpresso/tools/bin/../lib/gcc/arm-none-eabi/4.8.4/../../../../arm-none-eabi/lib/armv7-m/libcr_c.a(stdio.o)
 .ARM.attributes
                0x0000000000000363       0x33 /Applications/lpcxpresso_7.3.0_186/lpcxpresso/tools/bin/../lib/gcc/arm-none-eabi/4.8.4/../../../../arm-none-eabi/lib/armv7-m/libcr_c.a(strlen.o)
 .ARM.attributes
                0x0000000000000396       0x33 /Applications/lpcxpresso_7.3.0_186/lpcxpresso/tools/bin/../lib/gcc/arm-none-eabi/4.8.4/../../../../arm-none-eabi/lib/armv7-m/libcr_c.a(_deferredlazyseek.o)
 .ARM.attributes
                0x00000000000003c9       0x33 /Applications/lpcxpresso_7.3.0_186/lpcxpresso/tools/bin/../lib/gcc/arm-none-eabi/4.8.4/../../../../arm-none-eabi/lib/armv7-m/libcr_c.a(_fdopen.o)
 .ARM.attributes
                0x00000000000003fc       0x33 /Applications/lpcxpresso_7.3.0_186/lpcxpresso/tools/bin/../lib/gcc/arm-none-eabi/4.8.4/../../../../arm-none-eabi/lib/armv7-m/libcr_c.a(_fflush.o)
 .ARM.attributes
                0x000000000000042f       0x33 /Applications/lpcxpresso_7.3.0_186/lpcxpresso/tools/bin/../lib/gcc/arm-none-eabi/4.8.4/../../../../arm-none-eabi/lib/armv7-m/libcr_c.a(_frexpl.o)
 .ARM.attributes
                0x0000000000000462       0x33 /Applications/lpcxpresso_7.3.0_186/lpcxpresso/tools/bin/../lib/gcc/arm-none-eabi/4.8.4/../../../../arm-none-eabi/lib/armv7-m/libcr_c.a(_ldexpl.o)
 .ARM.attributes
                0x0000000000000495       0x33 /Applications/lpcxpresso_7.3.0_186/lpcxpresso/tools/bin/../lib/gcc/arm-none-eabi/4.8.4/../../../../arm-none-eabi/lib/armv7-m/libcr_c.a(_writebuf.o)
 .ARM.attributes
                0x00000000000004c8       0x33 /Applications/lpcxpresso_7.3.0_186/lpcxpresso/tools/bin/../lib/gcc/arm-none-eabi/4.8.4/../../../../arm-none-eabi/lib/armv7-m/libcr_c.a(alloc.o)
 .ARM.attributes
                0x00000000000004fb       0x33 /Applications/lpcxpresso_7.3.0_186/lpcxpresso/tools/bin/../lib/gcc/arm-none-eabi/4.8.4/../../../../arm-none-eabi/lib/armv7-m/libcr_c.a(errno.o)
 .ARM.attributes
                0x000000000000052e       0x33 /Applications/lpcxpresso_7.3.0_186/lpcxpresso/tools/bin/../lib/gcc/arm-none-eabi/4.8.4/../../../../arm-none-eabi/lib/armv7-m/libcr_c.a(fclose.o)
 .ARM.attributes
                0x0000000000000561       0x33 /Applications/lpcxpresso_7.3.0_186/lpcxpresso/tools/bin/../lib/gcc/arm-none-eabi/4.8.4/../../../../arm-none-eabi/lib/armv7-m/libcr_c.a(fflush.o)
 .ARM.attributes
                0x0000000000000594       0x33 /Applications/lpcxpresso_7.3.0_186/lpcxpresso/tools/bin/../lib/gcc/arm-none-eabi/4.8.4/../../../../arm-none-eabi/lib/armv7-m/libcr_c.a(fseek.o)
 .ARM.attributes
                0x00000000000005c7       0x33 /Applications/lpcxpresso_7.3.0_186/lpcxpresso/tools/bin/../lib/gcc/arm-none-eabi/4.8.4/../../../../arm-none-eabi/lib/armv7-m/libcr_c.a(ftell.o)
 .ARM.attributes
                0x00000000000005fa       0x33 /Applications/lpcxpresso_7.3.0_186/lpcxpresso/tools/bin/../lib/gcc/arm-none-eabi/4.8.4/../../../../arm-none-eabi/lib/armv7-m/libcr_c.a(remove.o)
 .ARM.attributes
                0x000000000000062d       0x33 /Applications/lpcxpresso_7.3.0_186/lpcxpresso/tools/bin/../lib/gcc/arm-none-eabi/4.8.4/../../../../arm-none-eabi/lib/armv7-m/libcr_c.a(__init_alloc.o)
 .ARM.attributes
                0x0000000000000660       0x33 /Applications/lpcxpresso_7.3.0_186/lpcxpresso/tools/bin/../lib/gcc/arm-none-eabi/4.8.4/../../../../arm-none-eabi/lib/armv7-m/libcr_c.a(_cr_sbrk.o)
 .ARM.attributes
                0x0000000000000693       0x33 /Applications/lpcxpresso_7.3.0_186/lpcxpresso/tools/bin/../lib/gcc/arm-none-eabi/4.8.4/../../../../arm-none-eabi/lib/armv7-m/libcr_c.a(_do_fflush.o)
 .ARM.attributes
                0x00000000000006c6       0x33 /Applications/lpcxpresso_7.3.0_186/lpcxpresso/tools/bin/../lib/gcc/arm-none-eabi/4.8.4/../../../../arm-none-eabi/lib/armv7-m/libcr_c.a(_hugeval.o)
 .ARM.attributes
                0x00000000000006f9       0x33 /Applications/lpcxpresso_7.3.0_186/lpcxpresso/tools/bin/../lib/gcc/arm-none-eabi/4.8.4/../../../../arm-none-eabi/lib/armv7-m/libcr_c.a(_cr_check_heap.o)
 .ARM.attributes
                0x000000000000072c       0x33 /Applications/lpcxpresso_7.3.0_186/lpcxpresso/tools/bin/../lib/gcc/arm-none-eabi/4.8.4/armv7-m/libcr_eabihelpers.a(double.o)
 .ARM.attributes
                0x000000000000075f       0x21 /Applications/lpcxpresso_7.3.0_186/lpcxpresso/tools/bin/../lib/gcc/arm-none-eabi/4.8.4/armv7-m/libcr_eabihelpers.a(memcpy.o)
 .ARM.attributes
                0x0000000000000780       0x21 /Applications/lpcxpresso_7.3.0_186/lpcxpresso/tools/bin/../lib/gcc/arm-none-eabi/4.8.4/../../../../arm-none-eabi/lib/armv7-m/libcr_semihost.a(__sys_appexit.o)
 .ARM.attributes
                0x00000000000007a1       0x21 /Applications/lpcxpresso_7.3.0_186/lpcxpresso/tools/bin/../lib/gcc/arm-none-eabi/4.8.4/../../../../arm-none-eabi/lib/armv7-m/libcr_semihost.a(__sys_close.o)
 .ARM.attributes
                0x00000000000007c2       0x21 /Applications/lpcxpresso_7.3.0_186/lpcxpresso/tools/bin/../lib/gcc/arm-none-eabi/4.8.4/../../../../arm-none-eabi/lib/armv7-m/libcr_semihost.a(__sys_flen.o)
 .ARM.attributes
                0x00000000000007e3       0x21 /Applications/lpcxpresso_7.3.0_186/lpcxpresso/tools/bin/../lib/gcc/arm-none-eabi/4.8.4/../../../../arm-none-eabi/lib/armv7-m/libcr_semihost.a(__sys_istty.o)
 .ARM.attributes
                0x0000000000000804       0x21 /Applications/lpcxpresso_7.3.0_186/lpcxpresso/tools/bin/../lib/gcc/arm-none-eabi/4.8.4/../../../../arm-none-eabi/lib/armv7-m/libcr_semihost.a(__sys_remove.o)
 .ARM.attributes
                0x0000000000000825       0x21 /Applications/lpcxpresso_7.3.0_186/lpcxpresso/tools/bin/../lib/gcc/arm-none-eabi/4.8.4/../../../../arm-none-eabi/lib/armv7-m/libcr_semihost.a(__sys_seek.o)
 .ARM.attributes
                0x0000000000000846       0x21 /Applications/lpcxpresso_7.3.0_186/lpcxpresso/tools/bin/../lib/gcc/arm-none-eabi/4.8.4/../../../../arm-none-eabi/lib/armv7-m/libcr_semihost.a(__sys_tmpnam.o)
 .ARM.attributes
                0x0000000000000867       0x21 /Applications/lpcxpresso_7.3.0_186/lpcxpresso/tools/bin/../lib/gcc/arm-none-eabi/4.8.4/../../../../arm-none-eabi/lib/armv7-m/libcr_semihost.a(__sys_write.o)

.debug_frame    0x0000000000000000      0x984
 .debug_frame   0x0000000000000000       0xc8 ./cr_startup_lpc17.o
 .debug_frame   0x00000000000000c8      0x114 ./main.o
 .debug_frame   0x00000000000001dc       0x3c /Users/Rhemi25/Dropbox/Rich Stuff/School/Fall '14/Comp Op Sys/LPCXpresso Workspace/CMSISv1p30_LPC17xx/Debug/libCMSISv1p30_LPC17xx.a(system_LPC17xx.o)
 .debug_frame   0x0000000000000218      0x138 /Users/Rhemi25/Dropbox/Rich Stuff/School/Fall '14/Comp Op Sys/LPCXpresso Workspace/FreeRTOS_Library/Debug/libFreeRTOS_Library.a(port.o)
 .debug_frame   0x0000000000000350      0x210 /Users/Rhemi25/Dropbox/Rich Stuff/School/Fall '14/Comp Op Sys/LPCXpresso Workspace/FreeRTOS_Library/Debug/libFreeRTOS_Library.a(queue.o)
 .debug_frame   0x0000000000000560      0x354 /Users/Rhemi25/Dropbox/Rich Stuff/School/Fall '14/Comp Op Sys/LPCXpresso Workspace/FreeRTOS_Library/Debug/libFreeRTOS_Library.a(tasks.o)
 .debug_frame   0x00000000000008b4       0x68 /Users/Rhemi25/Dropbox/Rich Stuff/School/Fall '14/Comp Op Sys/LPCXpresso Workspace/FreeRTOS_Library/Debug/libFreeRTOS_Library.a(heap_2.o)
 .debug_frame   0x000000000000091c       0x68 /Users/Rhemi25/Dropbox/Rich Stuff/School/Fall '14/Comp Op Sys/LPCXpresso Workspace/FreeRTOS_Library/Debug/libFreeRTOS_Library.a(list.o)
